┏━━━━━━━━━━━━━━━━━━━━━━┳━━━━━━━━━━┳━━━━━━━━━━┳━━━━━━━━━━┳━━━━━━━━━━┳━━━━━━━━━━━┳━━━━━━━━━━┳━━━━━━━━━━━┳━━━━━━━━━━┳━━━━━━━━━━━┳━━━━━━━━━━┳━━━━━━━━━━━┳━━━━━━━━━━┓
┃                      ┃ Hold     ┃ Reg to   ┃          ┃          ┃ of which  ┃ Setup    ┃           ┃          ┃           ┃ of which ┃           ┃          ┃
┃                      ┃ Worst    ┃ Reg      ┃          ┃ Hold Vio ┃ reg to    ┃ Worst    ┃ Reg to    ┃ Setup    ┃ Setup Vio ┃ reg to   ┃ Max Cap   ┃ Max Slew ┃
┃ Corner/Group         ┃ Slack    ┃ Paths    ┃ Hold TNS ┃ Count    ┃ reg       ┃ Slack    ┃ Reg Paths ┃ TNS      ┃ Count     ┃ reg      ┃ Violatio… ┃ Violati… ┃
┡━━━━━━━━━━━━━━━━━━━━━━╇━━━━━━━━━━╇━━━━━━━━━━╇━━━━━━━━━━╇━━━━━━━━━━╇━━━━━━━━━━━╇━━━━━━━━━━╇━━━━━━━━━━━╇━━━━━━━━━━╇━━━━━━━━━━━╇━━━━━━━━━━╇━━━━━━━━━━━╇━━━━━━━━━━┩
│ Overall              │ 0.1315   │ 0.1315   │ 0.0000   │ 0        │ 0         │ -15.3976 │ -15.3976  │ -77.1767 │ 15        │ 15       │ 0         │ 0        │
│ nom_fast_1p32V_m40C  │ 0.1315   │ 0.1315   │ 0.0000   │ 0        │ 0         │ -1.1844  │ -1.1844   │ -1.1844  │ 1         │ 1        │ 0         │ 0        │
│ nom_slow_1p08V_125C  │ 0.3769   │ 0.3769   │ 0.0000   │ 0        │ 0         │ -15.3976 │ -15.3976  │ -77.1767 │ 9         │ 9        │ 0         │ 0        │
│ nom_typ_1p20V_25C    │ 0.2189   │ 0.2189   │ 0.0000   │ 0        │ 0         │ -6.2859  │ -6.2859   │ -18.9132 │ 5         │ 5        │ 0         │ 0        │
└──────────────────────┴──────────┴──────────┴──────────┴──────────┴───────────┴──────────┴───────────┴──────────┴───────────┴──────────┴───────────┴──────────┘
