Clock: clk
Sources: clk 
Generated: no
Virtual: yes
Propagated: no
Period: 20.000000

===========================================================================
report_clock_properties
============================================================================
Clock                   Period          Waveform
----------------------------------------------------
clk                  20.000000    0.000000 10.000000

===========================================================================
report_clock_latency
============================================================================
Clock clk
rise -> rise
    min     max
0.000000 0.000000 source latency
0.212402         network latency _1489_/CLK
        0.229114 network latency _1424_/CLK
---------------
0.212402 0.229114 latency
        0.016712 skew

fall -> fall
    min     max
0.000000 0.000000 source latency
0.212260         network latency _1489_/CLK
        0.228680 network latency _1424_/CLK
---------------
0.212260 0.228680 latency
        0.016420 skew



===========================================================================
report_clock_min_period
============================================================================
clk period_min = 11.43 fmax = 87.50
