
===========================================================================
 report_power
============================================================================
======================= nom_fast_1p32V_m40C Corner ===================================

Group                    Internal    Switching      Leakage        Total
                            Power        Power        Power        Power (Watts)
------------------------------------------------------------------------
Sequential           6.489599e-04 5.592769e-05 2.014056e-07 7.050890e-04  45.1%
Combinational        1.504424e-04 1.841840e-04 3.401122e-07 3.349665e-04  21.4%
Clock                3.791825e-04 1.439883e-04 9.017111e-07 5.240725e-04  33.5%
Macro                0.000000e+00 0.000000e+00 0.000000e+00 0.000000e+00   0.0%
Pad                  0.000000e+00 0.000000e+00 0.000000e+00 0.000000e+00   0.0%
------------------------------------------------------------------------
Total                1.178586e-03 3.841001e-04 1.443223e-06 1.564129e-03 100.0%
                            75.4%        24.6%         0.1%

