Clock: clk
Sources: clk 
Generated: no
Virtual: yes
Propagated: no
Period: 20.000000

===========================================================================
report_clock_properties
============================================================================
Clock                   Period          Waveform
----------------------------------------------------
clk                  20.000000    0.000000 10.000000

===========================================================================
report_clock_latency
============================================================================
Clock clk
rise -> rise
    min     max
0.000000 0.000000 source latency
0.471894         network latency _1481_/CLK
        0.487300 network latency _1424_/CLK
---------------
0.471894 0.487300 latency
        0.015407 skew

fall -> fall
    min     max
0.000000 0.000000 source latency
0.466099         network latency _1481_/CLK
        0.481469 network latency _1424_/CLK
---------------
0.466099 0.481469 latency
        0.015370 skew



===========================================================================
report_clock_min_period
============================================================================
clk period_min = 26.07 fmax = 38.35
