Clock: clk
Sources: clk 
Generated: no
Virtual: yes
Propagated: no
Period: 20.000000

===========================================================================
report_clock_properties
============================================================================
Clock                   Period          Waveform
----------------------------------------------------
clk                  20.000000    0.000000 10.000000

===========================================================================
report_clock_latency
============================================================================
Clock clk
rise -> rise
    min     max
0.000000 0.000000 source latency
0.203737         network latency _1446_/CLK
        0.225491 network latency _1457_/CLK
---------------
0.203737 0.225491 latency
        0.021754 skew

fall -> fall
    min     max
0.000000 0.000000 source latency
0.202801         network latency _1446_/CLK
        0.224288 network latency _1457_/CLK
---------------
0.202801 0.224288 latency
        0.021487 skew



===========================================================================
report_clock_min_period
============================================================================
clk period_min = 11.41 fmax = 87.67
