
===========================================================================
 report_power
============================================================================
======================= nom_fast_1p32V_m40C Corner ===================================

Group                    Internal    Switching      Leakage        Total
                            Power        Power        Power        Power (Watts)
------------------------------------------------------------------------
Sequential           6.371258e-04 5.391260e-05 1.892156e-07 6.912276e-04  45.2%
Combinational        1.413561e-04 1.732707e-04 3.274328e-07 3.149543e-04  20.6%
Clock                3.789528e-04 1.445727e-04 1.149904e-06 5.246754e-04  34.3%
Macro                0.000000e+00 0.000000e+00 0.000000e+00 0.000000e+00   0.0%
Pad                  0.000000e+00 0.000000e+00 0.000000e+00 0.000000e+00   0.0%
------------------------------------------------------------------------
Total                1.157434e-03 3.717559e-04 1.666541e-06 1.530857e-03 100.0%
                            75.6%        24.3%         0.1%

