Clock: clk
Sources: clk 
Generated: no
Virtual: yes
Propagated: no
Period: 20.000000

===========================================================================
report_clock_properties
============================================================================
Clock                   Period          Waveform
----------------------------------------------------
clk                  20.000000    0.000000 10.000000

===========================================================================
report_clock_latency
============================================================================
Clock clk
rise -> rise
    min     max
0.000000 0.000000 source latency
0.300530         network latency _1446_/CLK
        0.322918 network latency _1457_/CLK
---------------
0.300530 0.322918 latency
        0.022388 skew

fall -> fall
    min     max
0.000000 0.000000 source latency
0.298525         network latency _1446_/CLK
        0.320160 network latency _1457_/CLK
---------------
0.298525 0.320160 latency
        0.021635 skew



===========================================================================
report_clock_min_period
============================================================================
clk period_min = 16.63 fmax = 60.15
