
===========================================================================
 report_power
============================================================================
======================= nom_typ_1p20V_25C Corner ===================================

Group                    Internal    Switching      Leakage        Total
                            Power        Power        Power        Power (Watts)
------------------------------------------------------------------------
Sequential           5.238706e-04 4.259588e-05 8.912630e-08 5.665556e-04  46.1%
Combinational        1.144967e-04 1.366632e-04 1.500849e-07 2.513099e-04  20.4%
Clock                2.977584e-04 1.131119e-04 3.378653e-07 4.112082e-04  33.5%
Macro                0.000000e+00 0.000000e+00 0.000000e+00 0.000000e+00   0.0%
Pad                  0.000000e+00 0.000000e+00 0.000000e+00 0.000000e+00   0.0%
------------------------------------------------------------------------
Total                9.361252e-04 2.923712e-04 5.770701e-07 1.229074e-03 100.0%
                            76.2%        23.8%         0.0%

