┏━━━━━━━━━━━━━━━━━━━━━━┳━━━━━━━━━━┳━━━━━━━━━━┳━━━━━━━━━━┳━━━━━━━━━━┳━━━━━━━━━━━┳━━━━━━━━━━┳━━━━━━━━━━━┳━━━━━━━━━━┳━━━━━━━━━━━┳━━━━━━━━━━┳━━━━━━━━━━━┳━━━━━━━━━━┓
┃                      ┃ Hold     ┃ Reg to   ┃          ┃          ┃ of which  ┃ Setup    ┃           ┃          ┃           ┃ of which ┃           ┃          ┃
┃                      ┃ Worst    ┃ Reg      ┃          ┃ Hold Vio ┃ reg to    ┃ Worst    ┃ Reg to    ┃ Setup    ┃ Setup Vio ┃ reg to   ┃ Max Cap   ┃ Max Slew ┃
┃ Corner/Group         ┃ Slack    ┃ Paths    ┃ Hold TNS ┃ Count    ┃ reg       ┃ Slack    ┃ Reg Paths ┃ TNS      ┃ Count     ┃ reg      ┃ Violatio… ┃ Violati… ┃
┡━━━━━━━━━━━━━━━━━━━━━━╇━━━━━━━━━━╇━━━━━━━━━━╇━━━━━━━━━━╇━━━━━━━━━━╇━━━━━━━━━━━╇━━━━━━━━━━╇━━━━━━━━━━━╇━━━━━━━━━━╇━━━━━━━━━━━╇━━━━━━━━━━╇━━━━━━━━━━━╇━━━━━━━━━━┩
│ Overall              │ 0.1315   │ 0.1315   │ 0.0000   │ 0        │ 0         │ 24.6024  │ 24.6024   │ 0.0000   │ 0         │ 0        │ 0         │ 0        │
│ nom_fast_1p32V_m40C  │ 0.1315   │ 0.1315   │ 0.0000   │ 0        │ 0         │ 38.8156  │ 38.8156   │ 0.0000   │ 0         │ 0        │ 0         │ 0        │
│ nom_slow_1p08V_125C  │ 0.3769   │ 0.3769   │ 0.0000   │ 0        │ 0         │ 24.6024  │ 24.6024   │ 0.0000   │ 0         │ 0        │ 0         │ 0        │
│ nom_typ_1p20V_25C    │ 0.2189   │ 0.2189   │ 0.0000   │ 0        │ 0         │ 33.7141  │ 33.7141   │ 0.0000   │ 0         │ 0        │ 0         │ 0        │
└──────────────────────┴──────────┴──────────┴──────────┴──────────┴───────────┴──────────┴───────────┴──────────┴───────────┴──────────┴───────────┴──────────┘
