Clock: clk
Sources: clk 
Generated: no
Virtual: yes
Propagated: no
Period: 20.000000

===========================================================================
report_clock_properties
============================================================================
Clock                   Period          Waveform
----------------------------------------------------
clk                  20.000000    0.000000 10.000000

===========================================================================
report_clock_latency
============================================================================
Clock clk
rise -> rise
    min     max
0.000000 0.000000 source latency
0.470833         network latency _1446_/CLK
        0.494531 network latency _1457_/CLK
---------------
0.470833 0.494531 latency
        0.023699 skew

fall -> fall
    min     max
0.000000 0.000000 source latency
0.463634         network latency _1446_/CLK
        0.486099 network latency _1457_/CLK
---------------
0.463634 0.486099 latency
        0.022465 skew



===========================================================================
report_clock_min_period
============================================================================
clk period_min = 25.96 fmax = 38.52
