Clock: clk
Sources: clk 
Generated: no
Virtual: yes
Propagated: no
Period: 20.000000

===========================================================================
report_clock_properties
============================================================================
Clock                   Period          Waveform
----------------------------------------------------
clk                  20.000000    0.000000 10.000000

===========================================================================
report_clock_latency
============================================================================
Clock clk
rise -> rise
    min     max
0.000000 0.000000 source latency
0.306030         network latency _1489_/CLK
        0.322375 network latency _1424_/CLK
---------------
0.306030 0.322375 latency
        0.016345 skew

fall -> fall
    min     max
0.000000 0.000000 source latency
0.305333         network latency _1489_/CLK
        0.321405 network latency _1424_/CLK
---------------
0.305333 0.321405 latency
        0.016072 skew



===========================================================================
report_clock_min_period
============================================================================
clk period_min = 16.68 fmax = 59.95
