
===========================================================================
 report_power
============================================================================
======================= nom_typ_1p20V_25C Corner ===================================

Group                    Internal    Switching      Leakage        Total
                            Power        Power        Power        Power (Watts)
------------------------------------------------------------------------
Sequential           5.333892e-04 4.421247e-05 9.473839e-08 5.776964e-04  46.0%
Combinational        1.217813e-04 1.453070e-04 1.558996e-07 2.672442e-04  21.3%
Clock                2.975971e-04 1.126290e-04 2.710084e-07 4.104971e-04  32.7%
Macro                0.000000e+00 0.000000e+00 0.000000e+00 0.000000e+00   0.0%
Pad                  0.000000e+00 0.000000e+00 0.000000e+00 0.000000e+00   0.0%
------------------------------------------------------------------------
Total                9.527685e-04 3.021480e-04 5.216403e-07 1.255438e-03 100.0%
                            75.9%        24.1%         0.0%

