┏━━━━━━━━━━━━━━━━━━━━━━┳━━━━━━━━━━┳━━━━━━━━━━┳━━━━━━━━━━┳━━━━━━━━━━┳━━━━━━━━━━━┳━━━━━━━━━━┳━━━━━━━━━━━┳━━━━━━━━━━┳━━━━━━━━━━━┳━━━━━━━━━━┳━━━━━━━━━━━┳━━━━━━━━━━┓
┃                      ┃ Hold     ┃ Reg to   ┃          ┃          ┃ of which  ┃ Setup    ┃           ┃          ┃           ┃ of which ┃           ┃          ┃
┃                      ┃ Worst    ┃ Reg      ┃          ┃ Hold Vio ┃ reg to    ┃ Worst    ┃ Reg to    ┃ Setup    ┃ Setup Vio ┃ reg to   ┃ Max Cap   ┃ Max Slew ┃
┃ Corner/Group         ┃ Slack    ┃ Paths    ┃ Hold TNS ┃ Count    ┃ reg       ┃ Slack    ┃ Reg Paths ┃ TNS      ┃ Count     ┃ reg      ┃ Violatio… ┃ Violati… ┃
┡━━━━━━━━━━━━━━━━━━━━━━╇━━━━━━━━━━╇━━━━━━━━━━╇━━━━━━━━━━╇━━━━━━━━━━╇━━━━━━━━━━━╇━━━━━━━━━━╇━━━━━━━━━━━╇━━━━━━━━━━╇━━━━━━━━━━━╇━━━━━━━━━━╇━━━━━━━━━━━╇━━━━━━━━━━┩
│ Overall              │ 0.1311   │ 0.1311   │ 0.0000   │ 0        │ 0         │ -5.9602  │ -5.9602   │ -9.3359  │ 5         │ 5        │ 0         │ 0        │
│ nom_fast_1p32V_m40C  │ 0.1311   │ 0.1311   │ 0.0000   │ 0        │ 0         │ 8.5936   │ 8.5936    │ 0.0000   │ 0         │ 0        │ 0         │ 0        │
│ nom_slow_1p08V_125C  │ 0.3797   │ 0.3797   │ 0.0000   │ 0        │ 0         │ -5.9602  │ -5.9602   │ -9.3359  │ 5         │ 5        │ 0         │ 0        │
│ nom_typ_1p20V_25C    │ 0.2235   │ 0.2235   │ 0.0000   │ 0        │ 0         │ 3.3749   │ 3.3749    │ 0.0000   │ 0         │ 0        │ 0         │ 0        │
└──────────────────────┴──────────┴──────────┴──────────┴──────────┴───────────┴──────────┴───────────┴──────────┴───────────┴──────────┴───────────┴──────────┘
